// Jest Snapshot v1, https://goo.gl/fbAQLP

exports[`Telegram Chart test Check render TelegramChart component 1`] = `
<div
  className="css-1km59tu-chart"
  data-testid="telegramChart"
>
  <svg
    style={
      Object {
        "width": undefined,
      }
    }
    viewBox="0 0 591 308"
  >
    <g>
      <polyline
        className="css-6b3m9l-line"
        points="0,278 561,278"
      />
      <text
        className="css-1xdcvwp-label"
        x={1}
        y={302}
      >
        Nov 17
      </text>
      <text
        className="css-1xdcvwp-label"
        x={61}
        y={302}
      >
        Nov 29
      </text>
      <text
        className="css-1xdcvwp-label"
        x={121}
        y={302}
      >
        Dec 11
      </text>
      <text
        className="css-1xdcvwp-label"
        x={181}
        y={302}
      >
        Dec 23
      </text>
      <text
        className="css-1xdcvwp-label"
        x={241}
        y={302}
      >
        Jan 4
      </text>
      <text
        className="css-1xdcvwp-label"
        x={301}
        y={302}
      >
        Jan 16
      </text>
      <text
        className="css-1xdcvwp-label"
        x={361}
        y={302}
      >
        Jan 28
      </text>
      <text
        className="css-1xdcvwp-label"
        x={421}
        y={302}
      >
        Feb 9
      </text>
      <text
        className="css-1xdcvwp-label"
        x={481}
        y={302}
      >
        Feb 21
      </text>
      <text
        className="css-1xdcvwp-label"
        x={541}
        y={302}
      >
        Mar 5
      </text>
    </g>
    <g>
      <polyline
        className="css-6b3m9l-line"
        points="0,0 0,278"
      />
      <g>
        <text
          className="css-1xdcvwp-label"
          x={0}
          y={206}
        >
          60
        </text>
        <polyline
          className="css-6b3m9l-line"
          points="0,218 561,218"
        />
      </g>
      <g>
        <text
          className="css-1xdcvwp-label"
          x={0}
          y={146}
        >
          120
        </text>
        <polyline
          className="css-6b3m9l-line"
          points="0,158 561,158"
        />
      </g>
      <g>
        <text
          className="css-1xdcvwp-label"
          x={0}
          y={86}
        >
          180
        </text>
        <polyline
          className="css-6b3m9l-line"
          points="0,98 561,98"
        />
      </g>
      <g>
        <text
          className="css-1xdcvwp-label"
          x={0}
          y={26}
        >
          240
        </text>
        <polyline
          className="css-6b3m9l-line"
          points="0,38 561,38"
        />
      </g>
    </g>
  </svg>
  <div
    className="css-x43oq9-chartMap"
    data-testid="telegramChartMap"
  >
    <svg
      style={
        Object {
          "width": undefined,
        }
      }
      viewBox="0 0 561 56"
    />
  </div>
  <div
    className="css-1weht41-footer"
  />
</div>
`;
